GV STUTTER DOE LAB 0004 LOADED
============================================================
 GALAXY VIEWER — LAB0004 MOCK RUNTIME
============================================================
GV STUTTER DOE LAB 0004 INSTALLED — 36 RUNS
INSTALL IDLE RAF: 0 — PASS
DOE DESIGN 36 / 12 / 3 BLOCKS: PASS
FIRST-HOME EXCLUSION: PASS
GV DOE RUN 1 OF 36 T10_P30-40-30 REP 1 PHASES 3 4 3
ABORT / RETRY SAME CONDITION: PASS
GV DOE RUN 1 OF 36 T10_P30-40-30 REP 1 PHASES 3 4 3
GV DOE RUN COMPLETE 1 OF 36
GV DOE RUN 2 OF 36 T15_P45-10-45 REP 1 PHASES 6.75 1.5 6.75
GV DOE RUN COMPLETE 2 OF 36
GV DOE RUN 3 OF 36 T25_P30-40-30 REP 1 PHASES 7.5 10 7.5
GV DOE RUN COMPLETE 3 OF 36
GV DOE RUN 4 OF 36 T15_P30-40-30 REP 1 PHASES 4.5 6 4.5
GV DOE RUN COMPLETE 4 OF 36
GV DOE RUN 5 OF 36 T10_P40-20-40 REP 1 PHASES 4 2 4
GV DOE RUN COMPLETE 5 OF 36
GV DOE RUN 6 OF 36 T20_P45-10-45 REP 1 PHASES 9 2 9
GV DOE RUN COMPLETE 6 OF 36
GV DOE RUN 7 OF 36 T10_P45-10-45 REP 1 PHASES 4.5 1 4.5
GV DOE RUN COMPLETE 7 OF 36
GV DOE RUN 8 OF 36 T20_P30-40-30 REP 1 PHASES 6 8 6
GV DOE RUN COMPLETE 8 OF 36
GV DOE RUN 9 OF 36 T25_P40-20-40 REP 1 PHASES 10 5 10
GV DOE RUN COMPLETE 9 OF 36
GV DOE RUN 10 OF 36 T15_P40-20-40 REP 1 PHASES 6 3 6
GV DOE RUN COMPLETE 10 OF 36
GV DOE RUN 11 OF 36 T25_P45-10-45 REP 1 PHASES 11.25 2.5 11.25
GV DOE RUN COMPLETE 11 OF 36
GV DOE RUN 12 OF 36 T20_P40-20-40 REP 1 PHASES 8 4 8
GV DOE RUN COMPLETE 12 OF 36
GV DOE RUN 13 OF 36 T15_P40-20-40 REP 2 PHASES 6 3 6
GV DOE RUN COMPLETE 13 OF 36
GV DOE RUN 14 OF 36 T15_P45-10-45 REP 2 PHASES 6.75 1.5 6.75
GV DOE RUN COMPLETE 14 OF 36
GV DOE RUN 15 OF 36 T20_P40-20-40 REP 2 PHASES 8 4 8
GV DOE RUN COMPLETE 15 OF 36
GV DOE RUN 16 OF 36 T25_P30-40-30 REP 2 PHASES 7.5 10 7.5
GV DOE RUN COMPLETE 16 OF 36
GV DOE RUN 17 OF 36 T20_P45-10-45 REP 2 PHASES 9 2 9
GV DOE RUN COMPLETE 17 OF 36
GV DOE RUN 18 OF 36 T25_P45-10-45 REP 2 PHASES 11.25 2.5 11.25
GV DOE RUN COMPLETE 18 OF 36
GV DOE RUN 19 OF 36 T25_P40-20-40 REP 2 PHASES 10 5 10
GV DOE RUN COMPLETE 19 OF 36
GV DOE RUN 20 OF 36 T15_P30-40-30 REP 2 PHASES 4.5 6 4.5
GV DOE RUN COMPLETE 20 OF 36
GV DOE RUN 21 OF 36 T20_P30-40-30 REP 2 PHASES 6 8 6
GV DOE RUN COMPLETE 21 OF 36
GV DOE RUN 22 OF 36 T10_P30-40-30 REP 2 PHASES 3 4 3
GV DOE RUN COMPLETE 22 OF 36
GV DOE RUN 23 OF 36 T10_P45-10-45 REP 2 PHASES 4.5 1 4.5
GV DOE RUN COMPLETE 23 OF 36
GV DOE RUN 24 OF 36 T10_P40-20-40 REP 2 PHASES 4 2 4
GV DOE RUN COMPLETE 24 OF 36
GV DOE RUN 25 OF 36 T25_P40-20-40 REP 3 PHASES 10 5 10
GV DOE RUN COMPLETE 25 OF 36
GV DOE RUN 26 OF 36 T20_P40-20-40 REP 3 PHASES 8 4 8
GV DOE RUN COMPLETE 26 OF 36
GV DOE RUN 27 OF 36 T20_P30-40-30 REP 3 PHASES 6 8 6
GV DOE RUN COMPLETE 27 OF 36
GV DOE RUN 28 OF 36 T10_P40-20-40 REP 3 PHASES 4 2 4
GV DOE RUN COMPLETE 28 OF 36
GV DOE RUN 29 OF 36 T15_P30-40-30 REP 3 PHASES 4.5 6 4.5
GV DOE RUN COMPLETE 29 OF 36
GV DOE RUN 30 OF 36 T25_P30-40-30 REP 3 PHASES 7.5 10 7.5
GV DOE RUN COMPLETE 30 OF 36
GV DOE RUN 31 OF 36 T20_P45-10-45 REP 3 PHASES 9 2 9
GV DOE RUN COMPLETE 31 OF 36
GV DOE RUN 32 OF 36 T10_P45-10-45 REP 3 PHASES 4.5 1 4.5
GV DOE RUN COMPLETE 32 OF 36
GV DOE RUN 33 OF 36 T10_P30-40-30 REP 3 PHASES 3 4 3
GV DOE RUN COMPLETE 33 OF 36
GV DOE RUN 34 OF 36 T25_P45-10-45 REP 3 PHASES 11.25 2.5 11.25
GV DOE RUN COMPLETE 34 OF 36
GV DOE RUN 35 OF 36 T15_P40-20-40 REP 3 PHASES 6 3 6
GV DOE RUN COMPLETE 35 OF 36
GV DOE RUN 36 OF 36 T15_P45-10-45 REP 3 PHASES 6.75 1.5 6.75
GV DOE RUN COMPLETE 36 OF 36
36/36 ADVANCEMENT: PASS
12 CONDITIONS x 3 REPLICATES: PASS
MEASURED DURATION = COMMANDED: PASS
ACTIVE FRAMES: 145
IDLE FRAMES: 0 — PASS
IDLE CAMERA ACCUMULATION: 0 — PASS
POST-END/IDLE OBSERVER LEAK: 0 — PASS
LAB-OWNED RAF REQUESTS: 0 — PASS
{
  "mode": "AUTO_DOE",
  "completedRuns": 36,
  "expectedRuns": 36,
  "scheduleIndex": 36,
  "activeRun": null,
  "nextRun": null
}
============================================================
LAB0004 MOCK RUNTIME VALIDATION COMPLETE — PASS
============================================================
